// Jest Snapshot v1, https://goo.gl/fbAQLP

exports[`render hello world 렌더링 1`] = `
<div>
  <h1>
    hello world
  </h1>
</div>
`;

exports[`render hello world 컴포넌트 렌더링 1`] = `
<div>
  <h1>
    hello world
  </h1>
</div>
`;
